[2026-09-05 12:40:24] CMD: flutter --version | EXIT: 0 | DURATION: 1.86s
--------------------------------------------------
[2026-09-05 12:56:44] CMD: flutter --version | EXIT: 0 | DURATION: 2.0s
--------------------------------------------------
[2026-09-05 12:56:44] CMD: flutter --version | EXIT: 0 | DURATION: 2.56s
STDERR: Waiting for another flutter command to release the startup lock...

--------------------------------------------------
[2026-09-05 12:57:52] CMD: flutter --version | EXIT: 0 | DURATION: 1.75s
--------------------------------------------------
[2026-09-05 12:57:53] CMD: flutter --version | EXIT: 0 | DURATION: 2.34s
--------------------------------------------------
[2026-09-05 13:20:05] CMD: flutter --version | EXIT: 0 | DURATION: 1.75s
--------------------------------------------------
[2026-09-05 13:40:10] CMD: flutter --version | EXIT: 0 | DURATION: 1.66s
--------------------------------------------------
[2026-09-05 14:23:17] CMD: flutter --version | EXIT: 0 | DURATION: 1.41s
--------------------------------------------------
[2026-09-05 14:23:17] CMD: node --version | EXIT: 0 | DURATION: 0.07s
--------------------------------------------------
[2026-09-05 14:23:17] CMD: npm --version | EXIT: 0 | DURATION: 0.3s
--------------------------------------------------
[2026-09-05 14:23:24] CMD: flutter devices | EXIT: 0 | DURATION: 3.68s
--------------------------------------------------
[2026-09-05 14:23:26] CMD: flutter devices | EXIT: 0 | DURATION: 1.68s
--------------------------------------------------
[2026-09-05 14:23:33] CMD: flutter --version | EXIT: 0 | DURATION: 1.42s
--------------------------------------------------
[2026-09-05 14:23:33] CMD: node --version | EXIT: 0 | DURATION: 0.08s
--------------------------------------------------
[2026-09-05 14:23:33] CMD: npm --version | EXIT: 0 | DURATION: 0.31s
--------------------------------------------------
[2026-09-05 14:23:40] CMD: flutter devices | EXIT: 0 | DURATION: 3.75s
--------------------------------------------------
[2026-09-05 14:23:42] CMD: flutter devices | EXIT: 0 | DURATION: 1.59s
--------------------------------------------------
[2026-09-05 14:29:29] CMD: flutter --version | EXIT: 0 | DURATION: 1.44s
--------------------------------------------------
[2026-09-05 14:29:29] CMD: node --version | EXIT: 0 | DURATION: 0.07s
--------------------------------------------------
[2026-09-05 14:29:29] CMD: npm --version | EXIT: 0 | DURATION: 0.4s
--------------------------------------------------
[2026-09-05 14:29:37] CMD: flutter devices | EXIT: 0 | DURATION: 4.5s
--------------------------------------------------
[2026-09-05 14:29:39] CMD: flutter devices | EXIT: 0 | DURATION: 2.4s
--------------------------------------------------
[2026-09-05 14:29:53] CMD: flutter --version | EXIT: 0 | DURATION: 2.69s
--------------------------------------------------
[2026-09-05 14:34:21] CMD: flutter --version | EXIT: 0 | DURATION: 2.16s
--------------------------------------------------
[2026-09-05 14:34:22] CMD: node --version | EXIT: 0 | DURATION: 0.08s
--------------------------------------------------
[2026-09-05 14:34:22] CMD: npm --version | EXIT: 0 | DURATION: 0.51s
--------------------------------------------------
[2026-09-05 14:34:30] CMD: flutter devices | EXIT: 0 | DURATION: 4.93s
--------------------------------------------------
[2026-09-05 14:34:33] CMD: flutter devices | EXIT: 0 | DURATION: 2.67s
--------------------------------------------------
[2026-09-05 15:28:23] CMD: flutter --version | EXIT: 0 | DURATION: 2.05s
--------------------------------------------------
[2026-09-05 15:29:38] CMD: flutter --version | EXIT: 0 | DURATION: 1.69s
--------------------------------------------------
[2026-09-05 15:29:38] CMD: node --version | EXIT: 0 | DURATION: 0.07s
--------------------------------------------------
[2026-09-05 15:29:39] CMD: npm --version | EXIT: 0 | DURATION: 0.6s
--------------------------------------------------
[2026-09-05 15:29:46] CMD: flutter devices | EXIT: 0 | DURATION: 4.36s
--------------------------------------------------
[2026-09-05 15:29:48] CMD: flutter devices | EXIT: 0 | DURATION: 1.91s
--------------------------------------------------
[2026-09-05 15:33:31] CMD: flutter --version | EXIT: 0 | DURATION: 9.41s
--------------------------------------------------
[2026-09-05 15:36:15] CMD: flutter --version | EXIT: 0 | DURATION: 3.57s
--------------------------------------------------
[2026-09-05 16:19:17] CMD: flutter --version | EXIT: 0 | DURATION: 3.55s
--------------------------------------------------
[2026-09-05 16:37:17] CMD: flutter --version | EXIT: 0 | DURATION: 1.79s
--------------------------------------------------
[2026-09-05 16:37:20] CMD: flutter --version | EXIT: 0 | DURATION: 1.7s
--------------------------------------------------
[2026-09-05 16:37:20] CMD: node --version | EXIT: 0 | DURATION: 0.07s
--------------------------------------------------
[2026-09-05 16:37:21] CMD: npm --version | EXIT: 0 | DURATION: 0.42s
--------------------------------------------------
[2026-09-05 16:37:28] CMD: flutter devices | EXIT: 0 | DURATION: 4.04s
--------------------------------------------------
[2026-09-05 16:37:30] CMD: flutter devices | EXIT: 0 | DURATION: 1.78s
--------------------------------------------------
[2026-09-05 16:44:28] CMD: flutter --version | EXIT: 0 | DURATION: 5.61s
--------------------------------------------------
[2026-09-05 16:45:49] CMD: flutter --version | EXIT: 0 | DURATION: 3.57s
--------------------------------------------------
[2026-09-05 16:56:54] CMD: flutter --version | EXIT: 0 | DURATION: 6.28s
--------------------------------------------------
[2026-09-05 16:57:06] CMD: flutter --version | EXIT: 0 | DURATION: 5.44s
--------------------------------------------------
[2026-09-05 16:57:06] CMD: node --version | EXIT: 0 | DURATION: 0.12s
--------------------------------------------------
[2026-09-05 16:57:07] CMD: npm --version | EXIT: 0 | DURATION: 0.77s
--------------------------------------------------
[2026-09-05 16:57:35] CMD: flutter devices | EXIT: 0 | DURATION: 25.29s
--------------------------------------------------
[2026-09-05 16:57:43] CMD: flutter devices | EXIT: 0 | DURATION: 7.21s
--------------------------------------------------
[2026-09-05 16:58:47] CMD: flutter --version | EXIT: 0 | DURATION: 4.17s
--------------------------------------------------
[2026-09-05 16:58:49] CMD: flutter --version | EXIT: 0 | DURATION: 5.87s
--------------------------------------------------
[2026-09-05 16:58:51] CMD: flutter --version | EXIT: 0 | DURATION: 5.24s
--------------------------------------------------
[2026-09-05 16:58:59] CMD: flutter --version | EXIT: 0 | DURATION: 3.4s
--------------------------------------------------
[2026-09-05 16:58:59] CMD: node --version | EXIT: 0 | DURATION: 0.18s
--------------------------------------------------
[2026-09-05 16:59:01] CMD: npm --version | EXIT: 0 | DURATION: 1.6s
--------------------------------------------------
[2026-09-05 16:59:10] CMD: flutter devices | EXIT: 0 | DURATION: 5.73s
--------------------------------------------------
[2026-09-05 16:59:14] CMD: flutter devices | EXIT: 0 | DURATION: 4.05s
--------------------------------------------------
[2026-09-05 17:00:23] CMD: flutter --version | EXIT: 0 | DURATION: 5.3s
--------------------------------------------------
[2026-09-05 17:00:25] CMD: flutter --version | EXIT: 0 | DURATION: 7.33s
--------------------------------------------------
[2026-09-05 17:00:27] CMD: flutter --version | EXIT: 0 | DURATION: 6.4s
--------------------------------------------------
[2026-09-05 17:00:35] CMD: flutter --version | EXIT: 0 | DURATION: 3.42s
--------------------------------------------------
[2026-09-05 17:00:36] CMD: node --version | EXIT: 0 | DURATION: 0.15s
--------------------------------------------------
[2026-09-05 17:00:36] CMD: npm --version | EXIT: 0 | DURATION: 0.82s
--------------------------------------------------
[2026-09-05 17:00:46] CMD: flutter devices | EXIT: 0 | DURATION: 6.35s
--------------------------------------------------
[2026-09-05 17:00:50] CMD: flutter devices | EXIT: 0 | DURATION: 3.98s
--------------------------------------------------
[2026-09-05 17:01:43] CMD: flutter --version | EXIT: 0 | DURATION: 4.98s
--------------------------------------------------
[2026-09-05 17:01:45] CMD: flutter --version | EXIT: 0 | DURATION: 6.76s
--------------------------------------------------
[2026-09-05 17:01:46] CMD: flutter --version | EXIT: 0 | DURATION: 6.01s
--------------------------------------------------
[2026-09-05 17:01:53] CMD: flutter --version | EXIT: 0 | DURATION: 3.53s
--------------------------------------------------
[2026-09-05 17:01:54] CMD: node --version | EXIT: 0 | DURATION: 0.1s
--------------------------------------------------
[2026-09-05 17:01:54] CMD: npm --version | EXIT: 0 | DURATION: 0.87s
--------------------------------------------------
[2026-09-05 17:02:04] CMD: flutter devices | EXIT: 0 | DURATION: 6.31s
--------------------------------------------------
[2026-09-05 17:02:08] CMD: flutter devices | EXIT: 0 | DURATION: 3.8s
--------------------------------------------------
[2026-09-05 17:11:31] CMD: flutter --version | EXIT: 0 | DURATION: 5.43s
--------------------------------------------------
[2026-09-05 17:38:45] CMD: flutter --version | EXIT: 0 | DURATION: 3.81s
--------------------------------------------------
[2026-09-05 18:20:47] CMD: flutter --version | EXIT: 0 | DURATION: 3.76s
--------------------------------------------------
[2026-09-05 18:31:56] CMD: flutter --version | EXIT: 0 | DURATION: 4.22s
--------------------------------------------------
[2026-09-05 18:31:58] CMD: flutter --version | EXIT: 0 | DURATION: 2.18s
--------------------------------------------------
[2026-09-05 18:31:59] CMD: flutter --version | EXIT: 0 | DURATION: 3.16s
--------------------------------------------------
[2026-09-05 18:32:01] CMD: flutter --version | EXIT: 0 | DURATION: 2.05s
--------------------------------------------------
[2026-09-05 18:32:02] CMD: flutter --version | EXIT: 0 | DURATION: 2.76s
--------------------------------------------------
[2026-09-05 18:32:03] CMD: flutter --version | EXIT: 0 | DURATION: 3.44s
--------------------------------------------------
[2026-09-05 18:32:03] CMD: node --version | EXIT: 0 | DURATION: 0.08s
--------------------------------------------------
[2026-09-05 18:32:03] CMD: npm --version | EXIT: 0 | DURATION: 0.55s
--------------------------------------------------
[2026-09-05 18:32:04] CMD: flutter --version | EXIT: 0 | DURATION: 4.14s
--------------------------------------------------
[2026-09-05 18:32:04] CMD: flutter --version | EXIT: 0 | DURATION: 4.73s
--------------------------------------------------
[2026-09-05 18:32:05] CMD: flutter --version | EXIT: 0 | DURATION: 5.39s
--------------------------------------------------
[2026-09-05 18:32:13] CMD: flutter devices | EXIT: 0 | DURATION: 6.31s
--------------------------------------------------
[2026-09-05 18:32:15] CMD: flutter devices | EXIT: 0 | DURATION: 2.33s
--------------------------------------------------
[2026-09-05 18:32:56] CMD: flutter --version | EXIT: 0 | DURATION: 1.73s
--------------------------------------------------
[2026-09-05 18:32:58] CMD: flutter --version | EXIT: 0 | DURATION: 2.12s
--------------------------------------------------
[2026-09-05 18:32:58] CMD: flutter --version | EXIT: 0 | DURATION: 2.73s
--------------------------------------------------
[2026-09-05 18:33:00] CMD: flutter --version | EXIT: 0 | DURATION: 2.08s
--------------------------------------------------
[2026-09-05 18:33:01] CMD: flutter --version | EXIT: 0 | DURATION: 2.74s
--------------------------------------------------
[2026-09-05 18:33:02] CMD: flutter --version | EXIT: 0 | DURATION: 3.38s
--------------------------------------------------
[2026-09-05 18:33:02] CMD: flutter --version | EXIT: 0 | DURATION: 3.94s
--------------------------------------------------
[2026-09-05 18:33:03] CMD: flutter --version | EXIT: 0 | DURATION: 2.77s
--------------------------------------------------
[2026-09-05 18:33:03] CMD: node --version | EXIT: 0 | DURATION: 0.07s
--------------------------------------------------
[2026-09-05 18:33:03] CMD: npm --version | EXIT: 0 | DURATION: 0.45s
--------------------------------------------------
[2026-09-05 18:33:03] CMD: flutter --version | EXIT: 0 | DURATION: 5.22s
--------------------------------------------------
[2026-09-05 18:33:11] CMD: flutter devices | EXIT: 0 | DURATION: 4.17s
--------------------------------------------------
[2026-09-05 18:33:13] CMD: flutter devices | EXIT: 0 | DURATION: 2.02s
--------------------------------------------------
[2026-09-05 18:36:06] CMD: flutter --version | EXIT: 0 | DURATION: 1.85s
--------------------------------------------------
[2026-09-05 18:36:08] CMD: flutter --version | EXIT: 0 | DURATION: 1.92s
--------------------------------------------------
[2026-09-05 18:36:08] CMD: flutter --version | EXIT: 0 | DURATION: 2.51s
--------------------------------------------------
[2026-09-05 18:36:11] CMD: flutter --version | EXIT: 0 | DURATION: 2.14s
--------------------------------------------------
[2026-09-05 18:36:11] CMD: flutter --version | EXIT: 0 | DURATION: 2.75s
--------------------------------------------------
[2026-09-05 18:36:12] CMD: flutter --version | EXIT: 0 | DURATION: 3.38s
--------------------------------------------------
[2026-09-05 18:36:13] CMD: flutter --version | EXIT: 0 | DURATION: 4.17s
--------------------------------------------------
[2026-09-05 18:36:13] CMD: flutter --version | EXIT: 0 | DURATION: 4.81s
--------------------------------------------------
[2026-09-05 18:36:14] CMD: flutter --version | EXIT: 0 | DURATION: 3.48s
--------------------------------------------------
[2026-09-05 18:36:14] CMD: node --version | EXIT: 0 | DURATION: 0.06s
--------------------------------------------------
[2026-09-05 18:36:14] CMD: npm --version | EXIT: 0 | DURATION: 0.37s
--------------------------------------------------
[2026-09-05 18:36:22] CMD: flutter devices | EXIT: 0 | DURATION: 4.08s
--------------------------------------------------
[2026-09-05 18:36:24] CMD: flutter devices | EXIT: 0 | DURATION: 1.85s
--------------------------------------------------
[2026-09-05 18:37:46] CMD: flutter --version | EXIT: 0 | DURATION: 1.81s
--------------------------------------------------
[2026-09-05 18:37:48] CMD: flutter --version | EXIT: 0 | DURATION: 1.78s
--------------------------------------------------
[2026-09-05 18:38:00] CMD: flutter --version | EXIT: 0 | DURATION: 1.78s
--------------------------------------------------
[2026-09-05 18:38:02] CMD: flutter --version | EXIT: 0 | DURATION: 2.06s
--------------------------------------------------
[2026-09-05 18:38:03] CMD: flutter --version | EXIT: 0 | DURATION: 2.62s
--------------------------------------------------
[2026-09-05 18:38:05] CMD: flutter --version | EXIT: 0 | DURATION: 2.14s
--------------------------------------------------
[2026-09-05 18:38:06] CMD: flutter --version | EXIT: 0 | DURATION: 2.74s
--------------------------------------------------
[2026-09-05 18:38:06] CMD: flutter --version | EXIT: 0 | DURATION: 3.48s
--------------------------------------------------
[2026-09-05 18:38:07] CMD: flutter --version | EXIT: 0 | DURATION: 2.28s
--------------------------------------------------
[2026-09-05 18:38:07] CMD: node --version | EXIT: 0 | DURATION: 0.08s
--------------------------------------------------
[2026-09-05 18:38:08] CMD: npm --version | EXIT: 0 | DURATION: 0.51s
--------------------------------------------------
[2026-09-05 18:38:08] CMD: flutter --version | EXIT: 0 | DURATION: 4.86s
--------------------------------------------------
[2026-09-05 18:38:09] CMD: flutter --version | EXIT: 0 | DURATION: 5.65s
--------------------------------------------------
[2026-09-05 18:38:15] CMD: flutter devices | EXIT: 0 | DURATION: 4.07s
--------------------------------------------------
[2026-09-05 18:38:17] CMD: flutter devices | EXIT: 0 | DURATION: 1.92s
--------------------------------------------------
[2026-09-05 18:52:01] CMD: flutter --version | EXIT: 0 | DURATION: 3.29s
--------------------------------------------------
[2026-09-05 18:52:22] CMD: flutter --version | EXIT: 0 | DURATION: 2.65s
--------------------------------------------------
[2026-09-05 18:52:25] CMD: flutter --version | EXIT: 0 | DURATION: 2.02s
--------------------------------------------------
[2026-09-05 19:02:22] CMD: flutter --version | EXIT: 0 | DURATION: 4.11s
--------------------------------------------------
[2026-09-05 19:02:46] CMD: flutter --version | EXIT: 0 | DURATION: 4.0s
--------------------------------------------------
[2026-09-05 19:02:51] CMD: flutter --version | EXIT: 0 | DURATION: 5.14s
--------------------------------------------------
[2026-09-05 19:02:53] CMD: flutter --version | EXIT: 0 | DURATION: 6.73s
--------------------------------------------------
[2026-09-05 19:02:59] CMD: flutter --version | EXIT: 0 | DURATION: 5.26s
--------------------------------------------------
[2026-09-05 19:03:01] CMD: flutter --version | EXIT: 0 | DURATION: 7.7s
--------------------------------------------------
[2026-09-05 19:03:03] CMD: flutter --version | EXIT: 0 | DURATION: 9.34s
--------------------------------------------------
[2026-09-05 19:03:05] CMD: flutter --version | EXIT: 0 | DURATION: 11.06s
--------------------------------------------------
[2026-09-05 19:03:07] CMD: flutter --version | EXIT: 0 | DURATION: 13.06s
--------------------------------------------------
[2026-09-05 19:03:09] CMD: flutter --version | EXIT: 0 | DURATION: 7.23s
--------------------------------------------------
[2026-09-05 19:03:09] CMD: node --version | EXIT: 0 | DURATION: 0.18s
--------------------------------------------------
[2026-09-05 19:03:11] CMD: npm --version | EXIT: 0 | DURATION: 2.13s
--------------------------------------------------
[2026-09-05 19:03:23] CMD: flutter devices | EXIT: 0 | DURATION: 8.7s
--------------------------------------------------
[2026-09-05 19:03:29] CMD: flutter devices | EXIT: 0 | DURATION: 5.31s
--------------------------------------------------
[2026-09-05 19:06:12] CMD: flutter --version | EXIT: 0 | DURATION: 32.33s
--------------------------------------------------
[2026-09-05 19:11:59] CMD: flutter --version | EXIT: 0 | DURATION: 1.57s
--------------------------------------------------
[2026-09-05 19:12:00] CMD: flutter --version | EXIT: 0 | DURATION: 1.61s
--------------------------------------------------
[2026-09-05 19:12:01] CMD: flutter --version | EXIT: 0 | DURATION: 2.08s
--------------------------------------------------
[2026-09-05 19:12:03] CMD: flutter --version | EXIT: 0 | DURATION: 2.29s
--------------------------------------------------
[2026-09-05 19:12:04] CMD: flutter --version | EXIT: 0 | DURATION: 3.34s
--------------------------------------------------
[2026-09-05 19:12:05] CMD: flutter --version | EXIT: 0 | DURATION: 4.27s
--------------------------------------------------
[2026-09-05 19:12:06] CMD: flutter --version | EXIT: 0 | DURATION: 5.44s
--------------------------------------------------
[2026-09-05 19:12:07] CMD: flutter --version | EXIT: 0 | DURATION: 6.46s
--------------------------------------------------
[2026-09-05 19:12:08] CMD: flutter --version | EXIT: 0 | DURATION: 4.95s
--------------------------------------------------
[2026-09-05 19:12:08] CMD: node --version | EXIT: 0 | DURATION: 0.06s
--------------------------------------------------
[2026-09-05 19:12:09] CMD: npm --version | EXIT: 0 | DURATION: 0.47s
--------------------------------------------------
[2026-09-05 19:12:14] CMD: flutter devices | EXIT: 0 | DURATION: 2.01s
--------------------------------------------------
[2026-09-05 19:12:16] CMD: flutter devices | EXIT: 0 | DURATION: 2.06s
--------------------------------------------------
[2026-09-05 20:21:23] CMD: flutter --version | EXIT: 0 | DURATION: 2.82s
--------------------------------------------------
[2026-09-05 20:21:26] CMD: flutter --version | EXIT: 0 | DURATION: 3.03s
--------------------------------------------------
[2026-09-05 20:21:28] CMD: flutter --version | EXIT: 0 | DURATION: 4.19s
--------------------------------------------------
[2026-09-05 20:21:34] CMD: flutter --version | EXIT: 0 | DURATION: 5.02s
--------------------------------------------------
[2026-09-05 20:21:37] CMD: flutter --version | EXIT: 0 | DURATION: 7.18s
--------------------------------------------------
[2026-09-05 20:21:38] CMD: flutter --version | EXIT: 0 | DURATION: 8.97s
--------------------------------------------------
[2026-09-05 20:21:40] CMD: flutter --version | EXIT: 0 | DURATION: 10.09s
--------------------------------------------------
[2026-09-05 20:21:40] CMD: node --version | EXIT: 0 | DURATION: 0.12s
--------------------------------------------------
[2026-09-05 20:21:41] CMD: npm --version | EXIT: 0 | DURATION: 0.93s
--------------------------------------------------
[2026-09-05 20:21:41] CMD: flutter --version | EXIT: 0 | DURATION: 11.37s
--------------------------------------------------
[2026-09-05 20:21:42] CMD: flutter --version | EXIT: 0 | DURATION: 12.74s
--------------------------------------------------
[2026-09-05 20:21:51] CMD: flutter devices | EXIT: 0 | DURATION: 6.32s
--------------------------------------------------
[2026-09-05 20:21:54] CMD: flutter devices | EXIT: 0 | DURATION: 3.14s
--------------------------------------------------
[2026-09-05 20:22:10] CMD: flutter --version | EXIT: 0 | DURATION: 3.38s
--------------------------------------------------
[2026-09-05 20:22:40] CMD: flutter --version | EXIT: 0 | DURATION: 3.37s
--------------------------------------------------
[2026-09-05 20:22:41] CMD: flutter --version | EXIT: 0 | DURATION: 4.58s
--------------------------------------------------
[2026-09-05 20:22:44] CMD: flutter --version | EXIT: 0 | DURATION: 3.78s
--------------------------------------------------
[2026-09-05 20:22:46] CMD: flutter --version | EXIT: 0 | DURATION: 4.69s
--------------------------------------------------
[2026-09-05 20:22:46] CMD: node --version | EXIT: 0 | DURATION: 0.19s
--------------------------------------------------
[2026-09-05 20:22:47] CMD: npm --version | EXIT: 0 | DURATION: 0.85s
--------------------------------------------------
[2026-09-05 20:22:47] CMD: flutter --version | EXIT: 0 | DURATION: 5.98s
--------------------------------------------------
[2026-09-05 20:22:48] CMD: flutter --version | EXIT: 0 | DURATION: 7.17s
--------------------------------------------------
[2026-09-05 20:24:50] CMD: flutter --version | EXIT: 0 | DURATION: 2.66s
--------------------------------------------------
[2026-09-05 20:25:57] CMD: flutter --version | EXIT: 0 | DURATION: 2.34s
--------------------------------------------------
[2026-09-05 20:25:57] CMD: node --version | EXIT: 0 | DURATION: 0.08s
--------------------------------------------------
[2026-09-05 20:25:58] CMD: npm --version | EXIT: 0 | DURATION: 0.57s
--------------------------------------------------
[2026-09-05 20:26:06] CMD: flutter devices | EXIT: 0 | DURATION: 4.9s
--------------------------------------------------
[2026-09-05 20:26:09] CMD: flutter devices | EXIT: 0 | DURATION: 3.18s
--------------------------------------------------
[2026-09-05 21:28:01] CMD: flutter --version | EXIT: 0 | DURATION: 4.47s
--------------------------------------------------
[2026-09-05 21:38:44] CMD: flutter --version | EXIT: 0 | DURATION: 1.54s
--------------------------------------------------
[2026-09-05 21:45:21] CMD: flutter --version | EXIT: 0 | DURATION: 1.33s
--------------------------------------------------
[2026-09-05 21:47:11] CMD: flutter --version | EXIT: 0 | DURATION: 1.27s
--------------------------------------------------
[2026-09-05 21:48:53] CMD: flutter --version | EXIT: 0 | DURATION: 1.6s
--------------------------------------------------
[2026-09-05 21:52:11] CMD: flutter --version | EXIT: 0 | DURATION: 1.43s
--------------------------------------------------
[2026-09-05 21:54:08] CMD: flutter --version | EXIT: 0 | DURATION: 2.09s
--------------------------------------------------
[2026-09-05 21:57:12] CMD: flutter --version | EXIT: 0 | DURATION: 4.01s
--------------------------------------------------
[2026-09-05 21:59:43] CMD: flutter --version | EXIT: 0 | DURATION: 1.66s
--------------------------------------------------
[2026-09-05 22:01:41] CMD: flutter --version | EXIT: 0 | DURATION: 1.66s
--------------------------------------------------
[2026-09-05 22:03:20] CMD: flutter --version | EXIT: 0 | DURATION: 1.32s
--------------------------------------------------
[2026-09-05 22:04:19] CMD: flutter --version | EXIT: 0 | DURATION: 2.09s
--------------------------------------------------
[2026-09-05 22:37:38] CMD: flutter --version | EXIT: 0 | DURATION: 3.68s
--------------------------------------------------
[2026-09-05 22:37:38] CMD: node --version | EXIT: 0 | DURATION: 0.09s
--------------------------------------------------
[2026-09-05 22:37:39] CMD: npm --version | EXIT: 0 | DURATION: 0.6s
--------------------------------------------------
[2026-09-05 22:37:49] CMD: flutter devices | EXIT: 0 | DURATION: 6.37s
--------------------------------------------------
[2026-09-05 22:37:52] CMD: flutter devices | EXIT: 0 | DURATION: 2.48s
--------------------------------------------------
[2026-09-05 22:39:26] CMD: flutter --version | EXIT: 0 | DURATION: 2.18s
--------------------------------------------------
[2026-09-05 22:39:26] CMD: node --version | EXIT: 0 | DURATION: 0.07s
--------------------------------------------------
[2026-09-05 22:39:26] CMD: npm --version | EXIT: 0 | DURATION: 0.52s
--------------------------------------------------
[2026-09-05 22:39:34] CMD: flutter devices | EXIT: 0 | DURATION: 4.24s
--------------------------------------------------
[2026-09-05 22:39:36] CMD: flutter devices | EXIT: 0 | DURATION: 2.11s
--------------------------------------------------
[2026-09-05 22:39:50] CMD: flutter --version | EXIT: 0 | DURATION: 1.78s
--------------------------------------------------
[2026-09-05 22:39:50] CMD: node --version | EXIT: 0 | DURATION: 0.06s
--------------------------------------------------
[2026-09-05 22:39:50] CMD: npm --version | EXIT: 0 | DURATION: 0.4s
--------------------------------------------------
[2026-09-05 22:39:58] CMD: flutter devices | EXIT: 0 | DURATION: 4.52s
--------------------------------------------------
[2026-09-05 22:40:01] CMD: flutter devices | EXIT: 0 | DURATION: 2.17s
--------------------------------------------------
[2026-09-07 11:08:57] CMD: flutter --version | EXIT: 0 | DURATION: 5.31s
--------------------------------------------------
[2026-09-07 11:21:47] CMD: flutter devices | EXIT: 0 | DURATION: 2.0s
--------------------------------------------------
[2026-09-07 11:21:50] CMD: flutter devices | EXIT: 0 | DURATION: 2.58s
--------------------------------------------------
[2026-09-07 12:03:38] CMD: flutter --version | EXIT: 0 | DURATION: 3.35s
--------------------------------------------------
[2026-09-07 12:11:56] CMD: flutter devices | EXIT: 0 | DURATION: 4.45s
--------------------------------------------------
[2026-09-07 12:11:58] CMD: flutter devices | EXIT: 0 | DURATION: 1.78s
--------------------------------------------------
[2026-09-07 12:35:24] CMD: flutter --version | EXIT: 0 | DURATION: 2.33s
--------------------------------------------------
[2026-09-07 12:35:53] CMD: flutter --version | EXIT: 0 | DURATION: 1.47s
--------------------------------------------------
[2026-09-07 12:43:37] CMD: flutter --version | EXIT: 0 | DURATION: 1.44s
--------------------------------------------------
[2026-09-07 12:54:25] CMD: flutter --version | EXIT: 0 | DURATION: 3.23s
--------------------------------------------------
[2026-09-07 13:40:49] CMD: flutter --version | EXIT: 0 | DURATION: 2.49s
--------------------------------------------------
[2026-09-07 13:46:15] CMD: flutter devices | EXIT: 0 | DURATION: 5.82s
--------------------------------------------------
[2026-09-07 13:46:18] CMD: flutter devices | EXIT: 0 | DURATION: 2.42s
--------------------------------------------------
[2026-09-07 14:37:13] CMD: flutter --version | EXIT: 0 | DURATION: 3.56s
--------------------------------------------------
[2026-09-07 14:47:00] CMD: flutter devices | EXIT: 0 | DURATION: 4.3s
--------------------------------------------------
[2026-09-07 14:47:03] CMD: flutter devices | EXIT: 0 | DURATION: 3.19s
--------------------------------------------------
[2026-09-07 15:19:05] CMD: flutter --version | EXIT: 0 | DURATION: 4.08s
--------------------------------------------------
[2026-09-07 15:19:05] CMD: flutter --version | EXIT: 0 | DURATION: 2.65s
STDERR: Waiting for another flutter command to release the startup lock...

--------------------------------------------------
[2026-09-07 15:19:06] CMD: flutter --version | EXIT: 0 | DURATION: 1.66s
--------------------------------------------------
[2026-09-07 15:19:10] CMD: flutter --version | EXIT: 0 | DURATION: 1.57s
--------------------------------------------------
[2026-09-07 15:23:11] CMD: flutter --version | EXIT: 0 | DURATION: 3.52s
--------------------------------------------------
[2026-09-07 15:31:13] CMD: flutter devices | EXIT: 0 | DURATION: 7.73s
--------------------------------------------------
[2026-09-07 15:31:24] CMD: flutter devices | EXIT: 0 | DURATION: 11.5s
--------------------------------------------------
[2026-09-07 16:03:09] CMD: flutter --version | EXIT: 0 | DURATION: 1.54s
--------------------------------------------------
[2026-09-07 16:05:27] CMD: flutter --version | EXIT: -124 | DURATION: 38.66s
STDERR: Command timed out after 30 seconds.
--------------------------------------------------
[2026-09-07 16:05:28] CMD: node --version | EXIT: 0 | DURATION: 0.12s
--------------------------------------------------
[2026-09-07 16:05:29] CMD: npm --version | EXIT: 0 | DURATION: 1.44s
--------------------------------------------------
[2026-09-07 16:05:36] CMD: flutter devices | EXIT: 0 | DURATION: 3.1s
--------------------------------------------------
[2026-09-07 16:05:39] CMD: flutter devices | EXIT: 0 | DURATION: 2.65s
--------------------------------------------------
[2026-09-07 17:39:46] CMD: flutter --version | EXIT: 0 | DURATION: 5.74s
--------------------------------------------------
[2026-09-07 17:39:46] CMD: flutter --version | EXIT: 0 | DURATION: 6.12s
STDERR: Waiting for another flutter command to release the startup lock...

--------------------------------------------------
[2026-09-07 17:55:01] CMD: flutter devices | EXIT: 0 | DURATION: 2.09s
--------------------------------------------------
[2026-09-07 17:55:03] CMD: flutter devices | EXIT: 0 | DURATION: 2.27s
--------------------------------------------------
[2026-09-07 17:56:21] CMD: flutter devices | EXIT: 0 | DURATION: 2.08s
--------------------------------------------------
[2026-09-07 17:56:24] CMD: flutter devices | EXIT: 0 | DURATION: 2.25s
--------------------------------------------------
[2026-09-07 17:56:50] CMD: flutter --version | EXIT: 0 | DURATION: 2.76s
--------------------------------------------------
[2026-09-07 17:56:51] CMD: flutter --version | EXIT: 0 | DURATION: 3.6s
--------------------------------------------------
[2026-09-07 18:02:45] CMD: flutter devices | EXIT: 0 | DURATION: 2.4s
--------------------------------------------------
[2026-09-07 18:02:47] CMD: flutter devices | EXIT: 0 | DURATION: 2.13s
--------------------------------------------------
[2026-09-07 18:03:13] CMD: flutter devices | EXIT: 0 | DURATION: 1.87s
--------------------------------------------------
[2026-09-07 18:03:16] CMD: flutter devices | EXIT: 0 | DURATION: 2.39s
--------------------------------------------------
[2026-09-07 18:03:50] CMD: flutter --version | EXIT: 0 | DURATION: 1.77s
--------------------------------------------------
[2026-09-07 18:03:51] CMD: flutter --version | EXIT: 0 | DURATION: 2.35s
--------------------------------------------------
[2026-09-07 18:08:35] CMD: flutter devices | EXIT: 0 | DURATION: 7.43s
--------------------------------------------------
[2026-09-07 18:08:37] CMD: flutter devices | EXIT: 0 | DURATION: 1.59s
--------------------------------------------------
[2026-09-07 18:08:55] CMD: flutter devices | EXIT: 0 | DURATION: 1.74s
--------------------------------------------------
[2026-09-07 18:08:57] CMD: flutter devices | EXIT: 0 | DURATION: 1.91s
--------------------------------------------------
[2026-09-07 18:13:01] CMD: flutter --version | EXIT: 0 | DURATION: 1.42s
--------------------------------------------------
[2026-09-07 18:13:02] CMD: flutter --version | EXIT: 0 | DURATION: 1.91s
STDERR: Waiting for another flutter command to release the startup lock...

--------------------------------------------------
[2026-09-07 18:20:34] CMD: flutter --version | EXIT: 0 | DURATION: 1.6s
--------------------------------------------------
[2026-09-07 18:20:35] CMD: flutter --version | EXIT: 0 | DURATION: 2.18s
--------------------------------------------------
[2026-09-07 18:24:01] CMD: flutter --version | EXIT: 0 | DURATION: 1.9s
--------------------------------------------------
[2026-09-07 18:24:02] CMD: flutter --version | EXIT: 0 | DURATION: 2.7s
--------------------------------------------------
[2026-09-07 18:26:45] CMD: flutter devices | EXIT: 0 | DURATION: 3.76s
--------------------------------------------------
[2026-09-07 18:26:46] CMD: flutter devices | EXIT: 0 | DURATION: 1.42s
--------------------------------------------------
[2026-09-07 18:28:20] CMD: flutter devices | EXIT: 0 | DURATION: 2.55s
--------------------------------------------------
[2026-09-07 18:28:23] CMD: flutter devices | EXIT: 0 | DURATION: 2.24s
--------------------------------------------------
[2026-09-07 18:28:48] CMD: flutter --version | EXIT: 0 | DURATION: 2.56s
--------------------------------------------------
[2026-09-07 18:28:49] CMD: flutter --version | EXIT: 0 | DURATION: 3.3s
--------------------------------------------------
[2026-09-07 18:32:09] CMD: flutter --version | EXIT: 0 | DURATION: 1.94s
--------------------------------------------------
[2026-09-07 18:32:10] CMD: flutter --version | EXIT: 0 | DURATION: 2.74s
--------------------------------------------------
[2026-09-07 18:38:18] CMD: flutter --version | EXIT: 0 | DURATION: 2.45s
--------------------------------------------------
[2026-09-07 18:38:19] CMD: flutter --version | EXIT: 0 | DURATION: 3.26s
--------------------------------------------------
[2026-09-07 18:41:17] CMD: flutter devices | EXIT: 0 | DURATION: 2.07s
--------------------------------------------------
[2026-09-07 18:41:19] CMD: flutter devices | EXIT: 0 | DURATION: 2.13s
--------------------------------------------------
[2026-09-07 18:42:48] CMD: flutter devices | EXIT: 0 | DURATION: 1.71s
--------------------------------------------------
[2026-09-07 18:42:50] CMD: flutter devices | EXIT: 0 | DURATION: 1.58s
--------------------------------------------------
[2026-09-07 18:44:34] CMD: flutter --version | EXIT: 0 | DURATION: 1.43s
--------------------------------------------------
[2026-09-07 18:44:35] CMD: flutter --version | EXIT: 0 | DURATION: 1.91s
STDERR: Waiting for another flutter command to release the startup lock...

--------------------------------------------------
[2026-09-07 18:47:06] CMD: flutter devices | EXIT: 0 | DURATION: 2.7s
--------------------------------------------------
[2026-09-07 18:47:09] CMD: flutter devices | EXIT: 0 | DURATION: 2.96s
--------------------------------------------------
[2026-09-07 18:47:20] CMD: flutter devices | EXIT: 0 | DURATION: 2.59s
--------------------------------------------------
[2026-09-07 18:47:22] CMD: flutter devices | EXIT: 0 | DURATION: 2.39s
--------------------------------------------------
[2026-09-07 18:50:26] CMD: flutter --version | EXIT: 0 | DURATION: 1.45s
--------------------------------------------------
[2026-09-07 18:50:26] CMD: flutter --version | EXIT: 0 | DURATION: 1.94s
STDERR: Waiting for another flutter command to release the startup lock...

--------------------------------------------------
[2026-09-07 18:55:18] CMD: flutter devices | EXIT: 0 | DURATION: 1.9s
--------------------------------------------------
[2026-09-07 18:55:20] CMD: flutter devices | EXIT: 0 | DURATION: 1.76s
--------------------------------------------------
[2026-09-07 18:56:08] CMD: flutter devices | EXIT: 0 | DURATION: 2.29s
--------------------------------------------------
[2026-09-07 18:56:10] CMD: flutter devices | EXIT: 0 | DURATION: 2.19s
--------------------------------------------------
[2026-09-07 18:57:52] CMD: flutter --version | EXIT: 0 | DURATION: 1.71s
--------------------------------------------------
[2026-09-07 18:57:52] CMD: flutter --version | EXIT: 0 | DURATION: 2.2s
STDERR: Waiting for another flutter command to release the startup lock...

--------------------------------------------------
[2026-09-07 19:01:06] CMD: flutter devices | EXIT: 0 | DURATION: 2.47s
--------------------------------------------------
[2026-09-07 19:01:08] CMD: flutter devices | EXIT: 0 | DURATION: 2.32s
--------------------------------------------------
[2026-09-07 19:01:26] CMD: flutter devices | EXIT: 0 | DURATION: 3.45s
--------------------------------------------------
[2026-09-07 19:01:28] CMD: flutter devices | EXIT: 0 | DURATION: 2.07s
--------------------------------------------------
[2026-09-07 19:06:05] CMD: flutter --version | EXIT: 0 | DURATION: 1.6s
--------------------------------------------------
[2026-09-07 19:06:06] CMD: flutter --version | EXIT: 0 | DURATION: 2.17s
--------------------------------------------------
[2026-09-07 22:35:57] CMD: flutter --version | EXIT: 0 | DURATION: 4.12s
--------------------------------------------------
[2026-09-08 11:07:16] CMD: flutter --version | EXIT: 0 | DURATION: 1.64s
--------------------------------------------------
[2026-09-08 11:10:33] CMD: flutter devices | EXIT: 0 | DURATION: 6.07s
--------------------------------------------------
[2026-09-08 11:10:35] CMD: flutter devices | EXIT: 0 | DURATION: 1.49s
--------------------------------------------------
[2026-09-08 11:12:45] CMD: flutter --version | EXIT: 0 | DURATION: 1.43s
--------------------------------------------------
[2026-09-08 11:12:46] CMD: flutter --version | EXIT: 0 | DURATION: 1.89s
--------------------------------------------------
[2026-09-08 11:13:01] CMD: flutter --version | EXIT: 0 | DURATION: 8.45s
--------------------------------------------------
[2026-09-08 11:13:29] CMD: flutter --version | EXIT: 0 | DURATION: 10.56s
--------------------------------------------------
[2026-09-08 11:13:36] CMD: flutter --version | EXIT: 0 | DURATION: 14.65s
--------------------------------------------------
[2026-09-08 11:13:37] CMD: flutter --version | EXIT: 0 | DURATION: 15.77s
--------------------------------------------------
[2026-09-08 11:13:38] CMD: flutter --version | EXIT: 0 | DURATION: 17.28s
--------------------------------------------------
[2026-09-08 11:13:39] CMD: flutter --version | EXIT: 0 | DURATION: 20.72s
--------------------------------------------------
[2026-09-08 11:13:42] CMD: flutter --version | EXIT: 0 | DURATION: 22.73s
--------------------------------------------------
[2026-09-08 11:14:14] CMD: flutter --version | EXIT: -124 | DURATION: 30.04s
STDERR: Command timed out after 30 seconds.
--------------------------------------------------
[2026-09-08 11:14:14] CMD: node --version | EXIT: 0 | DURATION: 0.27s
--------------------------------------------------
[2026-09-08 11:14:16] CMD: npm --version | EXIT: 0 | DURATION: 1.43s
--------------------------------------------------
[2026-09-08 11:14:50] CMD: flutter devices | EXIT: -124 | DURATION: 30.01s
STDERR: Command timed out after 30 seconds.
--------------------------------------------------
[2026-09-08 11:15:00] CMD: flutter --version | EXIT: 0 | DURATION: 102.23s
--------------------------------------------------
[2026-09-08 11:15:11] CMD: flutter devices | EXIT: 0 | DURATION: 20.93s
--------------------------------------------------
[2026-09-08 11:17:43] CMD: flutter --version | EXIT: 0 | DURATION: 48.28s
--------------------------------------------------
[2026-09-10 18:18:00] CMD: flutter --version | EXIT: 0 | DURATION: 1.57s
--------------------------------------------------
[2026-09-10 18:21:47] CMD: flutter devices | EXIT: 0 | DURATION: 4.44s
--------------------------------------------------
[2026-09-10 18:21:48] CMD: flutter devices | EXIT: 0 | DURATION: 1.6s
--------------------------------------------------
[2026-09-10 18:38:52] CMD: flutter --version | EXIT: 0 | DURATION: 2.27s
--------------------------------------------------
[2026-09-18 11:35:05] CMD: flutter --version | EXIT: 0 | DURATION: 10.04s
--------------------------------------------------
[2026-09-18 11:38:29] CMD: flutter devices | EXIT: 0 | DURATION: 4.07s
--------------------------------------------------
[2026-09-18 11:38:30] CMD: flutter devices | EXIT: 0 | DURATION: 1.4s
--------------------------------------------------
[2026-09-18 11:41:35] CMD: flutter --version | EXIT: 0 | DURATION: 1.86s
--------------------------------------------------
[2026-09-18 11:41:35] CMD: flutter --version | EXIT: 0 | DURATION: 2.37s
STDERR: Waiting for another flutter command to release the startup lock...

--------------------------------------------------
[2026-09-18 11:41:53] CMD: flutter --version | EXIT: 0 | DURATION: 6.2s
--------------------------------------------------
[2026-09-18 11:41:55] CMD: flutter --version | EXIT: 0 | DURATION: 8.54s
--------------------------------------------------
[2026-09-18 11:41:56] CMD: flutter --version | EXIT: 0 | DURATION: 10.92s
--------------------------------------------------
[2026-09-18 11:41:58] CMD: flutter --version | EXIT: 0 | DURATION: 11.88s
--------------------------------------------------
[2026-09-18 11:41:59] CMD: flutter --version | EXIT: 0 | DURATION: 12.48s
--------------------------------------------------
[2026-09-18 11:42:03] CMD: flutter --version | EXIT: 0 | DURATION: 16.74s
--------------------------------------------------
[2026-09-18 11:42:05] CMD: flutter --version | EXIT: 0 | DURATION: 12.17s
--------------------------------------------------
[2026-09-18 11:42:05] CMD: node --version | EXIT: 0 | DURATION: 0.19s
--------------------------------------------------
[2026-09-18 11:42:07] CMD: npm --version | EXIT: 0 | DURATION: 1.53s
--------------------------------------------------
[2026-09-18 11:42:11] CMD: flutter --version | EXIT: 0 | DURATION: 24.55s
--------------------------------------------------
[2026-09-18 11:42:41] CMD: flutter devices | EXIT: -124 | DURATION: 30.14s
STDERR: Command timed out after 30 seconds.
--------------------------------------------------
[2026-09-18 11:43:13] CMD: flutter devices | EXIT: -124 | DURATION: 32.78s
STDERR: Command timed out after 30 seconds.
--------------------------------------------------
